
> creative_score@0.1.0 build
> next build

Ôû▓ Next.js 16.1.6 (Turbopack)

  Creating an optimized production build ...
Ô£ô Compiled successfully in 6.0s
  Running TypeScript ...
node.exe : Failed to compile.
En línea: 1 Carácter: 1
+ & "C:\Program Files\nodejs/node.exe" "C:\Program Files\nodejs/node_mo ...
+ ~~~~~~~~~~~~~~~~~~~~~~~~~~~~~~~~~~~~~~~~~~~~~~~~~~~~~~~~~~~~~~~~~~~~~
    + CategoryInfo          : NotSpecified: (Failed to compile.:String) [], Remot 
   eException
    + FullyQualifiedErrorId : NativeCommandError
 

./src/app/admin/boards/page.tsx:17:31
Type error: Type '"active_match.home_team.name"' is not assignable to type '"*" | 
keyof Board | { layout?: QueryFields<Schema, any> | WrapQueryFields<Schema, any, 
Omit<{ [x: string]: QueryFields<Schema, any> | WrapQueryFields<...> | undefined; 
}, "item"> & { ...; }> | undefined; } | FunctionFields<...>'.

[0m [90m 15 |[39m         [36mtry[39m {
 [90m 16 |[39m             [36mconst[39m data [33m=[39m [36mawait[39m 
directus[33m.[39mrequest(readItems([32m'boards'[39m[33m,[39m {
[31m[1m>[22m[39m[90m 17 |[39m                 fields[33m:[39m 
[[32m'*'[39m[33m,[39m [32m'active_match.home_team.name'[39m[33m,[39m 
[32m'active_match.away_team.name'[39m]
 [90m    |[39m                               [31m[1m^[22m[39m
 [90m 18 |[39m             }))[33m;[39m
 [90m 19 |[39m             [90m// @ts-ignore[39m
 [90m 20 |[39m             setBoards(data)[33m;[39m[0m
Next.js build worker exited with code: 1 and signal: null
